Failed to compile.

Module not found: Error: Can't resolve 'web-vitals' in '/Users/saonlaptop/Desktop/Chatgpt /react_1/src'
ERROR in ./src/reportWebVitals.js 5:4-24
Module not found: Error: Can't resolve 'web-vitals' in '/Users/saonlaptop/Desktop/Chatgpt /react_1/src'

webpack compiled with 1 error
One of your dependencies, babel-preset-react-app, is importing the
"@babel/plugin-proposal-private-property-in-object" package without
declaring it in its dependencies. This is currently working because
"@babel/plugin-proposal-private-property-in-object" is already in your
node_modules folder for unrelated reasons, but it may break at any time.

babel-preset-react-app is part of the create-react-app project, which
is not maintianed anymore. It is thus unlikely that this bug will
ever be fixed. Add "@babel/plugin-proposal-private-property-in-object" to
your devDependencies to work around this error. This will make this message
go away.
  
^C
saonlaptop@Skills-Academy-45 react_1 % npm install web-vitals


added 2 packages, changed 1 package, and audited 1326 packages in 2s

267 packages are looking for funding
  run `npm fund` for details

8 vulnerabilities (2 moderate, 6 high)

To address all issues (including breaking changes), run:
  npm audit fix --force

Run `npm audit` for details.
saonlaptop@Skills-Academy-45 react_1 % cd..
zsh: command not found: cd..
saonlaptop@Skills-Academy-45 react_1 % cd ..
saonlaptop@Skills-Academy-45 Chatgpt  % git add .  
saonlaptop@Skills-Academy-45 Chatgpt  % git commit -m "made new progress with react and downloaded things for the react coding"
[main b48c48b] made new progress with react and downloaded things for the react coding
 106 files changed, 138092 insertions(+)
 create mode 120000 node_modules/.bin/loose-envify
 create mode 100644 node_modules/.package-lock.json
 create mode 100644 node_modules/js-tokens/CHANGELOG.md
 create mode 100644 node_modules/js-tokens/LICENSE
 create mode 100644 node_modules/js-tokens/README.md
 create mode 100644 node_modules/js-tokens/index.js
 create mode 100644 node_modules/js-tokens/package.json
 create mode 100644 node_modules/loose-envify/LICENSE
 create mode 100644 node_modules/loose-envify/README.md
 create mode 100755 node_modules/loose-envify/cli.js
 create mode 100644 node_modules/loose-envify/custom.js
 create mode 100644 node_modules/loose-envify/index.js
 create mode 100644 node_modules/loose-envify/loose-envify.js
 create mode 100644 node_modules/loose-envify/package.json
 create mode 100644 node_modules/loose-envify/replace.js
 create mode 100644 node_modules/react-dom/LICENSE
 create mode 100644 node_modules/react-dom/README.md
 create mode 100644 node_modules/react-dom/cjs/react-dom-server-legacy.browser.development.js
 create mode 100644 node_modules/react-dom/cjs/react-dom-server-legacy.browser.production.min.js
 create mode 100644 node_modules/react-dom/cjs/react-dom-server-legacy.node.development.js
 create mode 100644 node_modules/react-dom/cjs/react-dom-server-legacy.node.production.min.js
 create mode 100644 node_modules/react-dom/cjs/react-dom-server.browser.development.js
 create mode 100644 node_modules/react-dom/cjs/react-dom-server.browser.production.min.js
 create mode 100644 node_modules/react-dom/cjs/react-dom-server.node.development.js
 create mode 100644 node_modules/react-dom/cjs/react-dom-server.node.production.min.js
 create mode 100644 node_modules/react-dom/cjs/react-dom-test-utils.development.js
 create mode 100644 node_modules/react-dom/cjs/react-dom-test-utils.production.min.js
 create mode 100644 node_modules/react-dom/cjs/react-dom.development.js
 create mode 100644 node_modules/react-dom/cjs/react-dom.production.min.js
 create mode 100644 node_modules/react-dom/cjs/react-dom.profiling.min.js
 create mode 100644 node_modules/react-dom/client.js
 create mode 100644 node_modules/react-dom/index.js
 create mode 100644 node_modules/react-dom/package.json
 create mode 100644 node_modules/react-dom/profiling.js
 create mode 100644 node_modules/react-dom/server.browser.js
 create mode 100644 node_modules/react-dom/server.js
 create mode 100644 node_modules/react-dom/server.node.js
 create mode 100644 node_modules/react-dom/test-utils.js
 create mode 100644 node_modules/react-dom/umd/react-dom-server-legacy.browser.development.js
 create mode 100644 node_modules/react-dom/umd/react-dom-server-legacy.browser.production.min.js
 create mode 100644 node_modules/react-dom/umd/react-dom-server.browser.development.js
 create mode 100644 node_modules/react-dom/umd/react-dom-server.browser.production.min.js
 create mode 100644 node_modules/react-dom/umd/react-dom-test-utils.development.js
 create mode 100644 node_modules/react-dom/umd/react-dom-test-utils.production.min.js
 create mode 100644 node_modules/react-dom/umd/react-dom.development.js
 create mode 100644 node_modules/react-dom/umd/react-dom.production.min.js
 create mode 100644 node_modules/react-dom/umd/react-dom.profiling.min.js
 create mode 100644 node_modules/react/LICENSE
 create mode 100644 node_modules/react/README.md
 create mode 100644 node_modules/react/cjs/react-jsx-dev-runtime.development.js
 create mode 100644 node_modules/react/cjs/react-jsx-dev-runtime.production.min.js
 create mode 100644 node_modules/react/cjs/react-jsx-dev-runtime.profiling.min.js
 create mode 100644 node_modules/react/cjs/react-jsx-runtime.development.js
 create mode 100644 node_modules/react/cjs/react-jsx-runtime.production.min.js
 create mode 100644 node_modules/react/cjs/react-jsx-runtime.profiling.min.js
 create mode 100644 node_modules/react/cjs/react.development.js
 create mode 100644 node_modules/react/cjs/react.production.min.js
 create mode 100644 node_modules/react/cjs/react.shared-subset.development.js
 create mode 100644 node_modules/react/cjs/react.shared-subset.production.min.js
 create mode 100644 node_modules/react/index.js
 create mode 100644 node_modules/react/jsx-dev-runtime.js
 create mode 100644 node_modules/react/jsx-runtime.js
 create mode 100644 node_modules/react/package.json
 create mode 100644 node_modules/react/react.shared-subset.js
 create mode 100644 node_modules/react/umd/react.development.js
 create mode 100644 node_modules/react/umd/react.production.min.js
 create mode 100644 node_modules/react/umd/react.profiling.min.js
 create mode 100644 node_modules/scheduler/LICENSE
 create mode 100644 node_modules/scheduler/README.md
 create mode 100644 node_modules/scheduler/cjs/scheduler-unstable_mock.development.js
 create mode 100644 node_modules/scheduler/cjs/scheduler-unstable_mock.production.min.js
 create mode 100644 node_modules/scheduler/cjs/scheduler-unstable_post_task.development.js
 create mode 100644 node_modules/scheduler/cjs/scheduler-unstable_post_task.production.min.js
 create mode 100644 node_modules/scheduler/cjs/scheduler.development.js
 create mode 100644 node_modules/scheduler/cjs/scheduler.production.min.js
 create mode 100644 node_modules/scheduler/index.js
 create mode 100644 node_modules/scheduler/package.json
 create mode 100644 node_modules/scheduler/umd/scheduler-unstable_mock.development.js
 create mode 100644 node_modules/scheduler/umd/scheduler-unstable_mock.production.min.js
 create mode 100644 node_modules/scheduler/umd/scheduler.development.js
 create mode 100644 node_modules/scheduler/umd/scheduler.production.min.js
 create mode 100644 node_modules/scheduler/umd/scheduler.profiling.min.js
 create mode 100644 node_modules/scheduler/unstable_mock.js
 create mode 100644 node_modules/scheduler/unstable_post_task.js
 create mode 100644 package-lock.json
 create mode 100644 package.json
 create mode 100644 react_1/.gitignore
 create mode 100644 react_1/README.md
 delete mode 100644 "react_1/Screenshot 2025-01-08 at 4.48.37\342\200\257PM.png"
 create mode 100644 react_1/package-lock.json
 create mode 100644 react_1/package.json
 create mode 100644 react_1/public/favicon.ico
 create mode 100644 react_1/public/index.html
 create mode 100644 react_1/public/logo192.png
 create mode 100644 react_1/public/logo512.png
 create mode 100644 react_1/public/manifest.json
 create mode 100644 react_1/public/robots.txt
 create mode 100644 react_1/src/App.css
 create mode 100644 react_1/src/App.js
 create mode 100644 react_1/src/App.test.js
 create mode 100644 react_1/src/index.css
 create mode 100644 react_1/src/index.js
 create mode 100644 react_1/src/logo.svg
 create mode 100644 react_1/src/reportWebVitals.js
 create mode 100644 react_1/src/setupTests.js
saonlaptop@Skills-Academy-45 Chatgpt  % git push -all
error: did you mean `--all` (with two dashes)?
saonlaptop@Skills-Academy-45 Chatgpt  % git push --all
Enumerating objects: 123, done.
Counting objects: 100% (123/123), done.
Delta compression using up to 8 threads
Compressing objects: 100% (118/118), done.
Writing objects: 100% (120/120), 913.13 KiB | 8.53 MiB/s, done.
Total 120 (delta 38), reused 0 (delta 0), pack-reused 0
remote: Resolving deltas: 100% (38/38), completed with 1 local object.
To https://github.com/ashleybello1/prompt_engineering-.git
   cf99082..b48c48b  main -> main
saonlaptop@Skills-Academy-45 Chatgpt  % git add . 
saonlaptop@Skills-Academy-45 Chatgpt  % git commit -m "added new code to react"
[main 82d63e8] added new code to react
 3 files changed, 13 insertions(+), 14 deletions(-)
 create mode 100644 react_1/src/Componets/Card.js
saonlaptop@Skills-Academy-45 Chatgpt  % git push -all  
error: did you mean `--all` (with two dashes)?
saonlaptop@Skills-Academy-45 Chatgpt  % git push --all 
Enumerating objects: 13, done.
Counting objects: 100% (13/13), done.
Delta compression using up to 8 threads
Compressing objects: 100% (7/7), done.
Writing objects: 100% (8/8), 840 bytes | 840.00 KiB/s, done.
Total 8 (delta 4), reused 0 (delta 0), pack-reused 0
remote: Resolving deltas: 100% (4/4), completed with 4 local objects.
To https://github.com/ashleybello1/prompt_engineering-.git
   b48c48b..82d63e8  main -> main
saonlaptop@Skills-Academy-45 Chatgpt  % git add .
saonlaptop@Skills-Academy-45 Chatgpt  % git commit -m "adding new code to css2"
[main 443c089] adding new code to css2
 39 files changed, 713 insertions(+), 29 deletions(-)
 create mode 100644 css_2/Elf's kitchen.png
 create mode 100644 css_2/Mexican Pastries .jpeg
 create mode 100644 css_2/Pastries.css
 create mode 100644 css_2/about.html
 create mode 100644 css_2/contact.html
 create mode 100644 css_2/dinner.css
 create mode 100644 css_2/dinner.html
 create mode 100644 css_2/lunch.css
 create mode 100644 css_2/lunch.html
 create mode 100644 css_2/lunch1.jpg
 create mode 100644 css_2/lunch10.jpg
 create mode 100644 css_2/lunch11.jpg
 create mode 100644 css_2/lunch12.jpg
 create mode 100644 css_2/lunch2.jpg
 create mode 100644 css_2/lunch3.jpg
 create mode 100644 css_2/lunch4.jpg
 create mode 100644 css_2/lunch5.jpg
 create mode 100644 css_2/lunch6.jpg
 create mode 100644 css_2/lunch7.jpg
 create mode 100644 css_2/lunch8.jpg
 create mode 100644 css_2/lunch9.jpg
 create mode 100644 css_2/pastries.html
 create mode 100644 css_2/pastry1.jpg
 create mode 100644 css_2/pastry10.jpg
 create mode 100644 css_2/pastry11.jpg
 create mode 100644 css_2/pastry12.jpg
 create mode 100644 css_2/pastry2.jpg
 create mode 100644 css_2/pastry3.jpg
 create mode 100644 css_2/pastry4.jpg
 create mode 100644 css_2/pastry5.jpg
 create mode 100644 css_2/pastry6.jpg
 create mode 100644 css_2/pastry7.jpg
 create mode 100644 css_2/pastry8.jpg
 create mode 100644 css_2/pastry9.jpg
 create mode 100644 css_2/script.js
 create mode 100644 css_2/style.css
saonlaptop@Skills-Academy-45 Chatgpt  % git push --all
Enumerating objects: 45, done.
Counting objects: 100% (45/45), done.
Delta compression using up to 8 threads
Compressing objects: 100% (39/39), done.
Writing objects: 100% (40/40), 9.12 MiB | 43.43 MiB/s, done.
Total 40 (delta 3), reused 0 (delta 0), pack-reused 0
remote: Resolving deltas: 100% (3/3), completed with 2 local objects.
To https://github.com/ashleybello1/prompt_engineering-.git
   82d63e8..443c089  main -> main
saonlaptop@Skills-Academy-45 Chatgpt  % git add .
saonlaptop@Skills-Academy-45 Chatgpt  % git commit -m "new folder: Django_1
dquote> "
[main 94d6ea7] new folder: Django_1
 1 file changed, 0 insertions(+), 0 deletions(-)
saonlaptop@Skills-Academy-45 Chatgpt  % git push -all
error: did you mean `--all` (with two dashes)?
saonlaptop@Skills-Academy-45 Chatgpt  % git push --all
Enumerating objects: 5, done.
Counting objects: 100% (5/5), done.
Delta compression using up to 8 threads
Compressing objects: 100% (3/3), done.
Writing objects: 100% (3/3), 456 bytes | 456.00 KiB/s, done.
Total 3 (delta 2), reused 0 (delta 0), pack-reused 0
remote: Resolving deltas: 100% (2/2), completed with 2 local objects.
To https://github.com/ashleybello1/prompt_engineering-.git
   443c089..94d6ea7  main -> main
saonlaptop@Skills-Academy-45 Chatgpt  % git add . 
saonlaptop@Skills-Academy-45 Chatgpt  % git commit -m "added Django_1"
On branch main
nothing to commit, working tree clean
saonlaptop@Skills-Academy-45 Chatgpt  % git push --all
Everything up-to-date
saonlaptop@Skills-Academy-45 Chatgpt  % git add .
saonlaptop@Skills-Academy-45 Chatgpt  % git commit -m "added image on App.JS"
[main d5c3b25] added image on App.JS
 4 files changed, 29 insertions(+), 14 deletions(-)
 create mode 100644 react_1/src/Components/Card.js
 delete mode 100644 react_1/src/Componets/Card.js
saonlaptop@Skills-Academy-45 Chatgpt  % http://localhost:3000/
zsh: no such file or directory: http://localhost:3000/
saonlaptop@Skills-Academy-45 Chatgpt  % git push -all
error: did you mean `--all` (with two dashes)?
saonlaptop@Skills-Academy-45 Chatgpt  % git push --all
Enumerating objects: 13, done.
Counting objects: 100% (13/13), done.
Delta compression using up to 8 threads
Compressing objects: 100% (7/7), done.
Writing objects: 100% (8/8), 1.19 KiB | 1.19 MiB/s, done.
Total 8 (delta 4), reused 0 (delta 0), pack-reused 0
remote: Resolving deltas: 100% (4/4), completed with 4 local objects.
To https://github.com/ashleybello1/prompt_engineering-.git
   94d6ea7..d5c3b25  main -> main
saonlaptop@Skills-Academy-45 Chatgpt  % git add .
saonlaptop@Skills-Academy-45 Chatgpt  % git commit -m "started django, did some coding in playground."
[main 0f2583f] started django, did some coding in playground.
 19 files changed, 295 insertions(+)
 create mode 100644 django_1 /.DS_Store
 create mode 100644 django_1 /1.py
 create mode 100644 django_1 /Pipfile
 create mode 100644 django_1 /Pipfile.lock
 create mode 100644 django_1 /db.sqlite3
 create mode 100755 django_1 /manage.py
 create mode 100644 django_1 /playground/__init__.py
 create mode 100644 django_1 /playground/admin.py
 create mode 100644 django_1 /playground/apps.py
 create mode 100644 django_1 /playground/migrations/__init__.py
 create mode 100644 django_1 /playground/migrations/urls.py
 create mode 100644 django_1 /playground/models.py
 create mode 100644 django_1 /playground/tests.py
 create mode 100644 django_1 /playground/views.py
 create mode 100644 django_1 /storefront1/__init__.py
 create mode 100644 django_1 /storefront1/asgi.py
 create mode 100644 django_1 /storefront1/settings.py
 create mode 100644 django_1 /storefront1/urls.py
 create mode 100644 django_1 /storefront1/wsgi.py
saonlaptop@Skills-Academy-45 Chatgpt  % git push --all
\Enumerating objects: 23, done.
Counting objects: 100% (23/23), done.
Delta compression using up to 8 threads
Compressing objects: 100% (20/20), done.
Writing objects: 100% (22/22), 5.01 KiB | 5.01 MiB/s, done.
Total 22 (delta 2), reused 0 (delta 0), pack-reused 0
remote: Resolving deltas: 100% (2/2), completed with 1 local object.
To https://github.com/ashleybello1/prompt_engineering-.git
   d5c3b25..0f2583f  main -> main
saonlaptop@Skills-Academy-45 Chatgpt  % /Applications/MAMP/Library/bin/mysql80/bin/mysql  -u root -p
Enter password: 
Welcome to the MySQL monitor.  Commands end with ; or \g.
Your MySQL connection id is 47
Server version: 8.0.40 Source distribution

Copyright (c) 2000, 2024, Oracle and/or its affiliates.

Oracle is a registered trademark of Oracle Corporation and/or its
affiliates. Other names may be trademarks of their respective
owners.

Type 'help;' or '\h' for help. Type '\c' to clear the current input statement.

mysql> mysql> CREATE DATABASE StudentRecords;
ERROR 1064 (42000): You have an error in your SQL syntax; check the manual that corresponds to your MySQL server version for the right syntax to use near 'DATABE DATABASE StudentRecords' at line 1
mysql> CREATE DATABASE StudentRecords; 
Query OK, 1 row affected (0.01 sec)

mysql> SHOW DATABASES;
+--------------------+
| Database           |
+--------------------+
| information_schema |
| mysql              |
| performance_schema |
| StudentRecords     |
| sys                |
+--------------------+
5 rows in set (0.00 sec)

mysql> USE StudentRecords;
Database changed
mysql> CREATE TABLE Students (
    -> StudentID INT PRIMARY KEY,
    -> First/Name VARCHAR (50)
    -> LastName VACHAR (50)
    -> BirthDate DATE
    -> Major VARCHAR
    -> );
ERROR 1064 (42000): You have an error in your SQL syntax; check the manual that corresponds to your MySQL server version for the right syntax to use near '/Name VARCHAR (50)
LastName VACHAR (50)
BirthDate DATE
Major VARCHAR
)' at line 3
mysql> USE Student Records;
ERROR 1049 (42000): Unknown database 'student'
mysql> show databases;
+--------------------+
| Database           |
+--------------------+
| information_schema |
| mysql              |
| performance_schema |
| StudentRecords     |
| sys                |
+--------------------+
5 rows in set (0.01 sec)

mysql> show StudentRecords;
ERROR 1064 (42000): You have an error in your SQL syntax; check the manual that corresponds to your MySQL server version for the right syntax to use near 'StudentRecords' at line 1
mysql> USE StudentRecords
Database changed
mysql> CREATE TABLE Students (
    -> studentID INT PRIMARY KEY,
    -> name VARCHAR(50),
    -> Age INT,
    -> Major VARCHAR(50)
    -> );
Query OK, 0 rows affected (0.02 sec)

mysql> Select * from Students; 
Empty set (0.00 sec)

mysql> show tables;
+--------------------------+
| Tables_in_studentrecords |
+--------------------------+
| Students                 |
+--------------------------+
1 row in set (0.00 sec)

mysql> DESCRIBE Student;
ERROR 1146 (42S02): Table 'studentrecords.student' doesn't exist
mysql> DESCRIBE Students;
+-----------+-------------+------+-----+---------+-------+
| Field     | Type        | Null | Key | Default | Extra |
+-----------+-------------+------+-----+---------+-------+
| studentID | int         | NO   | PRI | NULL    |       |
| name      | varchar(50) | YES  |     | NULL    |       |
| Age       | int         | YES  |     | NULL    |       |
| Major     | varchar(50) | YES  |     | NULL    |       |
+-----------+-------------+------+-----+---------+-------+
4 rows in set (0.01 sec)

mysql> INSERT INTO Students (StudentID, Name, Age, Major)
    -> VALUES (1, 'Alice', 20, 'Computer Science')
    -> VALUES (1, 'Alice', 20, 'Computer Science');
ERROR 1064 (42000): You have an error in your SQL syntax; check the manual that corresponds to your MySQL server version for the right syntax to use near 'VALUES (1, 'Alice', 20, 'Computer Science')' at line 3
mysql> INSERT INTO Students (StudentID, Name, Age, Major)
    -> VALUES (1, 'Alice', 20, 'Computer Science');
Query OK, 1 row affected (0.01 sec)

mysql> SELECT * FROM Students;
+-----------+-------+------+------------------+
| studentID | name  | Age  | Major            |
+-----------+-------+------+------------------+
|         1 | Alice |   20 | Computer Science |
+-----------+-------+------+------------------+
1 row in set (0.00 sec)

mysql> INSERT INTO Students (StudentID, FirstName, LastName, BirthDamysql> INSERT INTO Students (StudentID, FirstName, LastName, BirthDate, Major)mysql> 
mysql> INSERT INTO Students (StudentID, Name, Age, Major) VALUES (1, 'Alice', 20, 'Computer Science');
ERROR 1062 (23000): Duplicate entry '1' for key 'students.PRIMARY'
mysql> INSERT INTO Students (StudentID, Name, Age, Major) VALUES (2, 'john Doe', 20, 'Computer Science');
Query OK, 1 row affected (0.00 sec)

mysql> SELECT * FROM Students;
+-----------+----------+------+------------------+
| studentID | name     | Age  | Major            |
+-----------+----------+------+------------------+
|         1 | Alice    |   20 | Computer Science |
|         2 | john Doe |   20 | Computer Science |
+-----------+----------+------+------------------+
2 rows in set (0.00 sec)

mysql> INSERT INTO Students (StudentID, Name, Age, Major) VALUES (2, 'Ashley Bello', 20, 'Computer Science');
ERROR 1062 (23000): Duplicate entry '2' for key 'students.PRIMARY'
mysql> 
mysql> INSERT INTO Students (StudentID, Name, Age, Major) VALUES (3, 'Ashley Bello', 20, 'Computer Science');
Query OK, 1 row affected (0.00 sec)

mysql> SELECT * FROM Students;                                                                          +-----------+--------------+------+------------------+
| studentID | name         | Age  | Major            |
+-----------+--------------+------+------------------+
|         1 | Alice        |   20 | Computer Science |
|         2 | john Doe     |   20 | Computer Science |
|         3 | Ashley Bello |   20 | Computer Science |
+-----------+--------------+------+------------------+
3 rows in set (0.01 sec)

mysql> );                                                                                               
